{
  "frame_ids": [
    0,
    16,
    32,
    48,
    64,
    80,
    96,
    112,
    128,
    144,
    160,
    176,
    192,
    208,
    224,
    240,
    256,
    272,
    288,
    304,
    320,
    336,
    352,
    368,
    384,
    400,
    416,
    432,
    448,
    464,
    480,
    496,
    512,
    528,
    544,
    560,
    576,
    592,
    608,
    624,
    640
  ],
  "features": [
    {
      "name": "RevealElement_position",
      "type": "dpOffset",
      "data_points": [
        {
          "x": 5.2,
          "y": 5.2
        },
        {
          "x": 5.2,
          "y": 5.2
        },
        {
          "x": 5.2,
          "y": 5.2
        },
        {
          "x": 5.2,
          "y": 5.2
        },
        {
          "x": 5.2,
          "y": 5.2
        },
        {
          "x": 5.2,
          "y": 5.2
        },
        {
          "x": 5.2,
          "y": 5.2
        },
        {
          "x": 5.2,
          "y": 5.2
        },
        {
          "x": 5.2,
          "y": 5.2
        },
        {
          "x": 5.6,
          "y": 6.4
        },
        {
          "x": 5.2,
          "y": 5.2
        },
        {
          "x": 5.2,
          "y": 5.2
        },
        {
          "x": 5.2,
          "y": 5.2
        },
        {
          "x": 5.2,
          "y": 5.2
        },
        {
          "x": 5.2,
          "y": 5.2
        },
        {
          "x": 5.2,
          "y": 5.2
        },
        {
          "x": 5.2,
          "y": 5.2
        },
        {
          "x": 5.2,
          "y": 5.2
        },
        {
          "x": 5.2,
          "y": 5.2
        },
        {
          "x": 6.4,
          "y": 5.2
        },
        {
          "x": 10.4,
          "y": 5.2
        },
        {
          "x": 13.6,
          "y": 5.2
        },
        {
          "x": 15.6,
          "y": 5.2
        },
        {
          "x": 17.2,
          "y": 5.2
        },
        {
          "x": 18,
          "y": 5.2
        },
        {
          "x": 18.8,
          "y": 5.2
        },
        {
          "x": 19.2,
          "y": 5.2
        },
        {
          "x": 19.2,
          "y": 5.2
        },
        {
          "x": 19.2,
          "y": 5.2
        },
        {
          "x": 19.2,
          "y": 5.2
        },
        {
          "x": 19.2,
          "y": 5.2
        },
        {
          "x": 19.2,
          "y": 5.2
        },
        {
          "x": 19.2,
          "y": 5.2
        },
        {
          "x": 19.2,
          "y": 5.2
        },
        {
          "x": 19.2,
          "y": 5.2
        },
        {
          "x": 19.2,
          "y": 5.2
        },
        {
          "x": 19.2,
          "y": 5.2
        },
        {
          "x": 19.2,
          "y": 5.2
        },
        {
          "x": 19.2,
          "y": 5.2
        },
        {
          "x": 19.2,
          "y": 5.2
        },
        {
          "x": 19.2,
          "y": 5.2
        }
      ]
    },
    {
      "name": "RevealElement_size",
      "type": "dpSize",
      "data_points": [
        {
          "width": 150,
          "height": 300
        },
        {
          "width": 150,
          "height": 300
        },
        {
          "width": 150,
          "height": 300
        },
        {
          "width": 150,
          "height": 300
        },
        {
          "width": 150,
          "height": 300
        },
        {
          "width": 150,
          "height": 300
        },
        {
          "width": 150,
          "height": 300
        },
        {
          "width": 150,
          "height": 300
        },
        {
          "width": 150,
          "height": 300
        },
        {
          "width": 150,
          "height": 300
        },
        {
          "width": 150,
          "height": 290
        },
        {
          "width": 150,
          "height": 278.8
        },
        {
          "width": 150,
          "height": 266
        },
        {
          "width": 150,
          "height": 252
        },
        {
          "width": 150,
          "height": 252
        },
        {
          "width": 150,
          "height": 223.6
        },
        {
          "width": 150,
          "height": 182.8
        },
        {
          "width": 150,
          "height": 141.2
        },
        {
          "width": 150,
          "height": 104
        },
        {
          "width": 147.6,
          "height": 74
        },
        {
          "width": 139.6,
          "height": 50.8
        },
        {
          "width": 133.6,
          "height": 32
        },
        {
          "width": 129.2,
          "height": 15.6
        },
        {
          "width": 126.4,
          "height": 5.2
        },
        {
          "width": 124.4,
          "height": 0
        },
        {
          "width": 123.2,
          "height": 0
        },
        {
          "width": 122.4,
          "height": 0
        },
        {
          "width": 122,
          "height": 0
        },
        {
          "width": 122,
          "height": 0
        },
        {
          "width": 122,
          "height": 0
        },
        {
          "width": 122,
          "height": 0
        },
        {
          "width": 122,
          "height": 0
        },
        {
          "width": 122,
          "height": 0
        },
        {
          "width": 122,
          "height": 0
        },
        {
          "width": 122,
          "height": 0
        },
        {
          "width": 122,
          "height": 0
        },
        {
          "width": 122,
          "height": 0
        },
        {
          "width": 122,
          "height": 0
        },
        {
          "width": 122,
          "height": 0
        },
        {
          "width": 122,
          "height": 0
        },
        {
          "width": 122,
          "height": 0
        }
      ]
    },
    {
      "name": "RevealElement_alpha",
      "type": "float",
      "data_points": [
        1,
        1,
        1,
        1,
        1,
        1,
        1,
        1,
        1,
        1,
        1,
        1,
        1,
        1,
        1,
        1,
        1,
        1,
        1,
        1,
        1,
        1,
        0.99479187,
        0.8575029,
        0.65572864,
        0.4691311,
        0.3215357,
        0.21380007,
        0.13896108,
        0.0887118,
        0.05580789,
        0.03467691,
        0.021318138,
        0.0129826665,
        0.007839739,
        0,
        0,
        0,
        0,
        0,
        0
      ]
    }
  ]
}