{
  "frame_ids": [
    0,
    16,
    32,
    48,
    64,
    80,
    96,
    112,
    128,
    144,
    160,
    176,
    192,
    208,
    224,
    240,
    256,
    272,
    288,
    304,
    320,
    336
  ],
  "features": [
    {
      "name": "RevealElement_position",
      "type": "dpOffset",
      "data_points": [
        {
          "type": "not_found"
        },
        {
          "x": 50,
          "y": 50
        },
        {
          "x": 50,
          "y": 50
        },
        {
          "x": 50,
          "y": 50
        },
        {
          "x": 50,
          "y": 50
        },
        {
          "x": 50,
          "y": 50
        },
        {
          "x": 50,
          "y": 50
        },
        {
          "x": 50,
          "y": 50
        },
        {
          "x": 50,
          "y": 50
        },
        {
          "x": 50,
          "y": 50
        },
        {
          "x": 50,
          "y": 50
        },
        {
          "x": 50,
          "y": 50
        },
        {
          "x": 50,
          "y": 50
        },
        {
          "x": 50,
          "y": 50
        },
        {
          "x": 50,
          "y": 50
        },
        {
          "x": 50,
          "y": 50
        },
        {
          "x": 50,
          "y": 50
        },
        {
          "x": 50,
          "y": 50
        },
        {
          "x": 50,
          "y": 50
        },
        {
          "x": 50,
          "y": 50
        },
        {
          "x": 50,
          "y": 50
        },
        {
          "x": 50,
          "y": 50
        }
      ]
    },
    {
      "name": "RevealElement_size",
      "type": "dpSize",
      "data_points": [
        {
          "type": "not_found"
        },
        {
          "width": 188,
          "height": 0
        },
        {
          "width": 188,
          "height": 6.8
        },
        {
          "width": 188,
          "height": 21.6
        },
        {
          "width": 188,
          "height": 52.8
        },
        {
          "width": 188,
          "height": 129.6
        },
        {
          "width": 188,
          "height": 196.4
        },
        {
          "width": 188,
          "height": 250.4
        },
        {
          "width": 188,
          "height": 293.2
        },
        {
          "width": 188,
          "height": 325.2
        },
        {
          "width": 188,
          "height": 348.8
        },
        {
          "width": 188,
          "height": 365.6
        },
        {
          "width": 188,
          "height": 377.2
        },
        {
          "width": 188,
          "height": 385.6
        },
        {
          "width": 188,
          "height": 391.2
        },
        {
          "width": 188,
          "height": 394.8
        },
        {
          "width": 188,
          "height": 396.8
        },
        {
          "width": 188,
          "height": 398
        },
        {
          "width": 188,
          "height": 398.8
        },
        {
          "width": 188,
          "height": 399.2
        },
        {
          "width": 188,
          "height": 399.6
        },
        {
          "width": 188,
          "height": 399.6
        }
      ]
    },
    {
      "name": "RevealElement_alpha",
      "type": "float",
      "data_points": [
        {
          "type": "not_found"
        },
        0,
        0.05698657,
        0.24197984,
        0.44158113,
        0.6097554,
        0.73685503,
        0.8271309,
        0.8886989,
        0.9294886,
        0.9559254,
        0.97276413,
        0.98333716,
        0.98989624,
        1,
        1,
        1,
        1,
        1,
        1,
        1,
        1
      ]
    }
  ]
}