{
  "frame_ids": [
    0,
    16,
    32,
    48,
    64,
    80,
    96,
    112,
    128,
    144,
    160,
    176,
    192,
    208,
    224,
    240,
    256,
    272,
    288,
    304,
    320,
    336,
    352,
    368,
    384,
    400,
    416,
    432,
    448,
    464,
    480,
    496,
    512,
    528,
    544,
    560,
    576,
    592,
    608,
    624,
    640,
    656,
    672,
    688,
    704,
    720,
    736,
    752,
    768,
    784,
    800,
    816,
    832,
    848,
    864,
    880,
    896,
    912,
    928,
    944,
    960,
    976,
    992,
    1008,
    1024,
    1040,
    1056,
    1072,
    1088
  ],
  "features": [
    {
      "name": "RevealElement_position",
      "type": "dpOffset",
      "data_points": [
        {
          "type": "not_found"
        },
        {
          "type": "not_found"
        },
        {
          "type": "not_found"
        },
        {
          "type": "not_found"
        },
        {
          "x": 50,
          "y": 50
        },
        {
          "x": 50,
          "y": 50
        },
        {
          "x": 50,
          "y": 50
        },
        {
          "x": 50,
          "y": 50
        },
        {
          "x": 50,
          "y": 50
        },
        {
          "x": 50,
          "y": 50
        },
        {
          "x": 50,
          "y": 50
        },
        {
          "x": 50,
          "y": 50
        },
        {
          "x": 50,
          "y": 50
        },
        {
          "x": 50,
          "y": 50
        },
        {
          "x": 50,
          "y": 50
        },
        {
          "x": 50,
          "y": 50
        },
        {
          "x": 50,
          "y": 50
        },
        {
          "x": 50,
          "y": 50
        },
        {
          "x": 50,
          "y": 50
        },
        {
          "x": 50,
          "y": 50
        },
        {
          "x": 50,
          "y": 50
        },
        {
          "x": 50,
          "y": 50
        },
        {
          "x": 50,
          "y": 50
        },
        {
          "x": 50,
          "y": 50
        },
        {
          "x": 50,
          "y": 50
        },
        {
          "x": 50,
          "y": 50
        },
        {
          "x": 50,
          "y": 50
        },
        {
          "x": 50,
          "y": 50
        },
        {
          "x": 50,
          "y": 50
        },
        {
          "x": 50,
          "y": 50
        },
        {
          "x": 50,
          "y": 50
        },
        {
          "x": 50,
          "y": 50
        },
        {
          "x": 50,
          "y": 50
        },
        {
          "x": 50,
          "y": 50
        },
        {
          "x": 50,
          "y": 50
        },
        {
          "x": 50,
          "y": 50
        },
        {
          "x": 50,
          "y": 50
        },
        {
          "x": 50,
          "y": 50
        },
        {
          "x": 50,
          "y": 50
        },
        {
          "x": 50,
          "y": 50
        },
        {
          "x": 50,
          "y": 50
        },
        {
          "x": 50,
          "y": 50
        },
        {
          "x": 50,
          "y": 50
        },
        {
          "x": 50,
          "y": 50
        },
        {
          "x": 50,
          "y": 50
        },
        {
          "x": 50,
          "y": 50
        },
        {
          "x": 50,
          "y": 50
        },
        {
          "x": 50,
          "y": 50
        },
        {
          "x": 50,
          "y": 50
        },
        {
          "x": 50,
          "y": 50
        },
        {
          "x": 50,
          "y": 50
        },
        {
          "x": 50,
          "y": 50
        },
        {
          "x": 50,
          "y": 50
        },
        {
          "x": 50,
          "y": 50
        },
        {
          "x": 50,
          "y": 50
        },
        {
          "x": 50,
          "y": 50
        },
        {
          "x": 50,
          "y": 50
        },
        {
          "x": 50,
          "y": 50
        },
        {
          "x": 50,
          "y": 50
        },
        {
          "x": 50,
          "y": 50
        },
        {
          "x": 50,
          "y": 50
        },
        {
          "x": 50,
          "y": 50
        },
        {
          "x": 50,
          "y": 50
        },
        {
          "x": 50,
          "y": 50
        },
        {
          "x": 50,
          "y": 50
        },
        {
          "x": 50,
          "y": 50
        },
        {
          "x": 50,
          "y": 50
        },
        {
          "x": 50,
          "y": 50
        },
        {
          "x": 50,
          "y": 50
        }
      ]
    },
    {
      "name": "RevealElement_size",
      "type": "dpSize",
      "data_points": [
        {
          "type": "not_found"
        },
        {
          "type": "not_found"
        },
        {
          "type": "not_found"
        },
        {
          "type": "not_found"
        },
        {
          "width": 188,
          "height": 1.6
        },
        {
          "width": 188,
          "height": 2.8
        },
        {
          "width": 188,
          "height": 4
        },
        {
          "width": 188,
          "height": 5.2
        },
        {
          "width": 188,
          "height": 6.4
        },
        {
          "width": 188,
          "height": 7.6
        },
        {
          "width": 188,
          "height": 8.8
        },
        {
          "width": 188,
          "height": 10
        },
        {
          "width": 188,
          "height": 10.8
        },
        {
          "width": 188,
          "height": 12
        },
        {
          "width": 188,
          "height": 12.8
        },
        {
          "width": 188,
          "height": 13.6
        },
        {
          "width": 188,
          "height": 14.8
        },
        {
          "width": 188,
          "height": 15.6
        },
        {
          "width": 188,
          "height": 16.4
        },
        {
          "width": 188,
          "height": 17.2
        },
        {
          "width": 188,
          "height": 17.6
        },
        {
          "width": 188,
          "height": 18.4
        },
        {
          "width": 188,
          "height": 19.2
        },
        {
          "width": 188,
          "height": 19.6
        },
        {
          "width": 188,
          "height": 20
        },
        {
          "width": 188,
          "height": 20.4
        },
        {
          "width": 188,
          "height": 20.8
        },
        {
          "width": 188,
          "height": 21.2
        },
        {
          "width": 188,
          "height": 21.6
        },
        {
          "width": 188,
          "height": 21.6
        },
        {
          "width": 188,
          "height": 21.6
        },
        {
          "width": 188,
          "height": 21.6
        },
        {
          "width": 188,
          "height": 21.6
        },
        {
          "width": 188,
          "height": 21.6
        },
        {
          "width": 188,
          "height": 21.6
        },
        {
          "width": 188,
          "height": 21.6
        },
        {
          "width": 188,
          "height": 21.2
        },
        {
          "width": 188,
          "height": 20.8
        },
        {
          "width": 188,
          "height": 20.4
        },
        {
          "width": 188,
          "height": 20
        },
        {
          "width": 188,
          "height": 19.6
        },
        {
          "width": 188,
          "height": 19.2
        },
        {
          "width": 188,
          "height": 18.4
        },
        {
          "width": 188,
          "height": 17.6
        },
        {
          "width": 188,
          "height": 17.2
        },
        {
          "width": 188,
          "height": 16.4
        },
        {
          "width": 188,
          "height": 15.6
        },
        {
          "width": 188,
          "height": 14.8
        },
        {
          "width": 188,
          "height": 13.6
        },
        {
          "width": 188,
          "height": 12.8
        },
        {
          "width": 188,
          "height": 12
        },
        {
          "width": 188,
          "height": 10.8
        },
        {
          "width": 188,
          "height": 10
        },
        {
          "width": 188,
          "height": 8.8
        },
        {
          "width": 188,
          "height": 7.6
        },
        {
          "width": 188,
          "height": 6.4
        },
        {
          "width": 188,
          "height": 5.2
        },
        {
          "width": 188,
          "height": 4
        },
        {
          "width": 188,
          "height": 2.8
        },
        {
          "width": 188,
          "height": 1.6
        },
        {
          "width": 188,
          "height": 0.4
        },
        {
          "width": 188,
          "height": 0
        },
        {
          "width": 188,
          "height": 0
        },
        {
          "width": 188,
          "height": 0
        },
        {
          "width": 188,
          "height": 0
        },
        {
          "width": 188,
          "height": 0
        },
        {
          "width": 188,
          "height": 0
        },
        {
          "width": 188,
          "height": 0
        },
        {
          "width": 188,
          "height": 0
        }
      ]
    },
    {
      "name": "RevealElement_alpha",
      "type": "float",
      "data_points": [
        {
          "type": "not_found"
        },
        {
          "type": "not_found"
        },
        {
          "type": "not_found"
        },
        {
          "type": "not_found"
        },
        0,
        0,
        0,
        0,
        0.012518823,
        0.0741024,
        0.2254293,
        0.42628878,
        0.5976641,
        0.7280312,
        0.82100236,
        0.8845844,
        0.9267946,
        0.95419544,
        0.9716705,
        0.98265487,
        0.98947525,
        1,
        1,
        1,
        1,
        1,
        1,
        1,
        1,
        1,
        1,
        1,
        1,
        1,
        1,
        1,
        1,
        1,
        1,
        1,
        1,
        1,
        1,
        1,
        1,
        1,
        1,
        1,
        1,
        1,
        1,
        1,
        1,
        1,
        1,
        1,
        0.9944124,
        0.9417388,
        0.8184184,
        0.6157812,
        0.4361611,
        0.2968906,
        0.19641554,
        0.12716137,
        0.080921985,
        0.050773025,
        0.03147719,
        0.019312752,
        0.011740655
      ]
    }
  ]
}