{
  "frame_ids": [
    0,
    16,
    32,
    48,
    64,
    80,
    96,
    112,
    128,
    144,
    160,
    176,
    192,
    208,
    224,
    240,
    256,
    "after"
  ],
  "features": [
    {
      "name": "Foo_yOffset",
      "type": "float",
      "data_points": [
        175,
        175,
        175,
        175,
        156.26086,
        121.784874,
        88.35684,
        61.32686,
        41.302353,
        27.215454,
        17.638702,
        11.284393,
        7.144104,
        4.4841614,
        2.7943878,
        1.7307587,
        1.0663452,
        0
      ]
    }
  ]
}