{
  "frame_ids": [
    0,
    16,
    32,
    48,
    64,
    80,
    96,
    112,
    128,
    144,
    160,
    176,
    192,
    208,
    224,
    240,
    256,
    272,
    288,
    304,
    320,
    336,
    352,
    368,
    384,
    "after"
  ],
  "features": [
    {
      "name": "Foo_yOffset",
      "type": "float",
      "data_points": [
        {
          "type": "not_found"
        },
        {
          "type": "not_found"
        },
        175,
        175,
        174.00105,
        149.84001,
        114.73702,
        0,
        0,
        0,
        0,
        10.212692,
        42.525528,
        77.174965,
        106.322296,
        128.37651,
        144.09671,
        154.88022,
        162.08202,
        166.79778,
        169.83923,
        171.77742,
        173.00056,
        173.76627,
        174.24236,
        {
          "type": "not_found"
        }
      ]
    }
  ]
}