{
  "frame_ids": [
    0,
    16,
    32,
    48,
    64,
    80,
    "after"
  ],
  "features": [
    {
      "name": "Foo_yOffset",
      "type": "float",
      "data_points": [
        175,
        145.83333,
        116.666664,
        87.5,
        58.33333,
        29.166672,
        0
      ]
    }
  ]
}